hiroki@HirokinoMacBook-Air git_tutorial % cd /Users/hiroki/Desktop/lesson
hiroki@HirokinoMacBook-Air lesson % mkdir git_challenge
hiroki@HirokinoMacBook-Air lesson % cd git_challenge
hiroki@HirokinoMacBook-Air git_challenge % git init
Initialized empty Git repository in /Users/hiroki/Desktop/lesson/git_challenge/.git/
hiroki@HirokinoMacBook-Air git_challenge % git add hellow_world.txt
hiroki@HirokinoMacBook-Air git_challenge % git commit -m "hello_world.txtを追加"
[main (root-commit) 2f239eb] hello_world.txtを追加
 1 file changed, 1 insertion(+)
 create mode 100644 hellow_world.txt
hiroki@HirokinoMacBook-Air git_challenge % git log
commit 2f239eb28113817d1a699fa51968767098b62f5b (HEAD -> main)
Author: hirokiKKK <k.hiroki0312@gmail.com>
Date:   Sun Jun 8 16:05:37 2025 +0900

    hello_world.txtを追加
hiroki@HirokinoMacBook-Air git_challenge % git add hellow_world.txt             
hiroki@HirokinoMacBook-Air git_challenge % git diff --staged
diff --git a/hellow_world.txt b/hellow_world.txt
index 5dd01c1..3a43de2 100644
--- a/hellow_world.txt
+++ b/hellow_world.txt
@@ -1 +1,2 @@
-Hello, world!
\ No newline at end of file
+Hello, world!
+こんにちは、世界!
hiroki@HirokinoMacBook-Air git_challenge % git commit -m "日本語訳を追記"
[main 7c1b0fd] 日本語訳を追記
 1 file changed, 2 insertions(+), 1 deletion(-)
hiroki@HirokinoMacBook-Air git_challenge % git log --oneline
7c1b0fd (HEAD -> main) 日本語訳を追記
2f239eb hello_world.txtを追加