hiroki@HirokinoMacBook-Air ~ % cd /Users/hiroki/Desktop/lesson
hiroki@HirokinoMacBook-Air lesson % mkdir git_challenge
hiroki@HirokinoMacBook-Air lesson % cd /Users/hiroki/Desktop/lesson/git_challenge
hiroki@HirokinoMacBook-Air git_challenge % git init
Initialized empty Git repository in /Users/hiroki/Desktop/lesson/git_challenge/.git/
hiroki@HirokinoMacBook-Air git_challenge % echo "" > hello_world.txt
hiroki@HirokinoMacBook-Air git_challenge % git add hello_world.txt
hiroki@HirokinoMacBook-Air git_challenge % git commit -m "hello_world.txtを追加"
[main (root-commit) 29b88ac] hello_world.txtを追加
 1 file changed, 1 insertion(+)
 create mode 100644 hello_world.txt
hiroki@HirokinoMacBook-Air git_challenge % git add hello_world.txt
hiroki@HirokinoMacBook-Air git_challenge % git commit -m "日本語訳を追記"
[main 6724e5a] 日本語訳を追記
 1 file changed, 2 insertions(+), 1 deletion(-)
hiroki@HirokinoMacBook-Air git_challenge % git log --oneline
6724e5a (HEAD -> main) 日本語訳を追記
29b88ac hello_world.txtを追加